[71] CMD 03
[199] ADDR 0000
[257] READ 0000 -> 3f
[321] READ 0001 -> ff
[391] CMD 03
[519] ADDR 8000
[577] READ 8000 -> 00
[641] READ 8001 -> 00
[727] CMD 03
[855] ADDR 0002
[913] READ 0002 -> fc
[977] READ 0003 -> 10
[1063] CMD 03
[1191] ADDR 0004
[1249] READ 0004 -> 00
[1313] READ 0005 -> 00
[1399] CMD 03
[1527] ADDR 0006
[1585] READ 0006 -> e3
[1649] READ 0007 -> 08
[1719] CMD 03
[1847] ADDR 8000
[1905] READ 8000 -> 00
[1969] READ 8001 -> 00
[2055] CMD 03
[2183] ADDR 0008
[2241] READ 0008 -> 00
[2305] READ 0009 -> 01
[2375] CMD 02
[2503] ADDR 8000
[2567] WRITE 8000 = 0a
[2631] WRITE 8001 = 00
[2703] CMD 03
[2831] ADDR 000a
[2889] READ 000a -> e7
[2953] READ 000b -> c8
[3023] CMD 03
[3151] ADDR 8002
[3209] READ 8002 -> 00
[3273] READ 8003 -> 00
[3359] CMD 03
[3487] ADDR 000c
[3545] READ 000c -> 00
[3609] READ 000d -> 01
[3679] CMD 02
[3807] ADDR 8002
[3871] WRITE 8002 = 0a
[3935] WRITE 8003 = 01
[4007] CMD 03
[4135] ADDR 000e
[4193] READ 000e -> fc
[4257] READ 000f -> 10
[4327] CMD 03
[4455] ADDR 8002
[4513] READ 8002 -> 0a
[4577] READ 8003 -> 01
[4663] CMD 03
[4791] ADDR 0010
[4849] READ 0010 -> 3f
[4913] READ 0011 -> ff
[4983] CMD 03
[5111] ADDR 8002
[5169] READ 8002 -> 0a
[5233] READ 8003 -> 01
[5319] CMD 03
[5447] ADDR 0012
[5505] READ 0012 -> e3
[5569] READ 0013 -> 08
[5655] CMD 03
[5783] ADDR 0014
[5841] READ 0014 -> 00
[5905] READ 0015 -> 00
[5991] CMD 03
[6119] ADDR 0016
[6177] READ 0016 -> 00
[6241] READ 0017 -> 00
[6311] CMD 03
[6439] ADDR 8000
[6497] READ 8000 -> 0a
[6561] READ 8001 -> 00
[6647] CMD 03
[6775] ADDR 0018
[6833] READ 0018 -> 00
[6897] READ 0019 -> 00
[6967] CMD 03
[7095] ADDR 8000
[7153] READ 8000 -> 0a
[7217] READ 8001 -> 00
[7303] CMD 03
[7431] ADDR 001a
[7489] READ 001a -> 00
[7553] READ 001b -> 00
[7623] CMD 03
[7751] ADDR 8000
[7809] READ 8000 -> 0a
[7873] READ 8001 -> 00
[7959] CMD 03
[8087] ADDR 001c
[8145] READ 001c -> 00
[8209] READ 001d -> 00
[8279] CMD 03
[8407] ADDR 8000
[8465] READ 8000 -> 0a
[8529] READ 8001 -> 00
[8615] CMD 03
[8743] ADDR 001e
[8801] READ 001e -> 00
[8865] READ 001f -> 00
[8935] CMD 03
[9063] ADDR 8000
[9121] READ 8000 -> 0a
[9185] READ 8001 -> 00
[9271] CMD 03
[9399] ADDR 0020
[9457] READ 0020 -> 00
[9521] READ 0021 -> 00
[9591] CMD 03
[9719] ADDR 8000
[9777] READ 8000 -> 0a
[9841] READ 8001 -> 00
[9927] CMD 03
[10055] ADDR 0022
[10113] READ 0022 -> 00
[10177] READ 0023 -> 00
[10247] CMD 03
[10375] ADDR 8000
[10433] READ 8000 -> 0a
[10497] READ 8001 -> 00
[10583] CMD 03
[10711] ADDR 0024
[10769] READ 0024 -> 00
[10833] READ 0025 -> 00
[10903] CMD 03
[11031] ADDR 8000
[11089] READ 8000 -> 0a
[11153] READ 8001 -> 00
[11239] CMD 03
[11367] ADDR 0026
[11425] READ 0026 -> 00
[11489] READ 0027 -> 00
[11559] CMD 03
[11687] ADDR 8000
[11745] READ 8000 -> 0a
[11809] READ 8001 -> 00
[11895] CMD 03
[12023] ADDR 0028
[12081] READ 0028 -> 00
[12145] READ 0029 -> 00
[12215] CMD 03
[12343] ADDR 8000
[12401] READ 8000 -> 0a
[12465] READ 8001 -> 00
[12551] CMD 03
[12679] ADDR 002a
[12737] READ 002a -> 00
[12801] READ 002b -> 00
[12871] CMD 03
[12999] ADDR 8000
[13057] READ 8000 -> 0a
[13121] READ 8001 -> 00
[13207] CMD 03
[13335] ADDR 002c
[13393] READ 002c -> 00
[13457] READ 002d -> 00
[13527] CMD 03
[13655] ADDR 8000
[13713] READ 8000 -> 0a
[13777] READ 8001 -> 00
[13863] CMD 03
[13991] ADDR 002e
[14049] READ 002e -> 00
[14113] READ 002f -> 00
[14183] CMD 03
[14311] ADDR 8000
[14369] READ 8000 -> 0a
[14433] READ 8001 -> 00
[14519] CMD 03
[14647] ADDR 0030
[14705] READ 0030 -> 00
[14769] READ 0031 -> 00
[14839] CMD 03
[14967] ADDR 8000
[15025] READ 8000 -> 0a
[15089] READ 8001 -> 00
[15175] CMD 03
[15303] ADDR 0032
[15361] READ 0032 -> 00
[15425] READ 0033 -> 00
[15495] CMD 03
[15623] ADDR 8000
[15681] READ 8000 -> 0a
[15745] READ 8001 -> 00
[15831] CMD 03
[15959] ADDR 0034
[16017] READ 0034 -> 00
[16081] READ 0035 -> 00
[16151] CMD 03
[16279] ADDR 8000
[16337] READ 8000 -> 0a
[16401] READ 8001 -> 00
[16487] CMD 03
[16615] ADDR 0036
[16673] READ 0036 -> 00
[16737] READ 0037 -> 00
[16807] CMD 03
[16935] ADDR 8000
[16993] READ 8000 -> 0a
[17057] READ 8001 -> 00
[17143] CMD 03
[17271] ADDR 0038
[17329] READ 0038 -> 00
[17393] READ 0039 -> 00
[17463] CMD 03
[17591] ADDR 8000
[17649] READ 8000 -> 0a
[17713] READ 8001 -> 00
[17799] CMD 03
[17927] ADDR 003a
[17985] READ 003a -> 00
[18049] READ 003b -> 00
[18119] CMD 03
[18247] ADDR 8000
[18305] READ 8000 -> 0a
[18369] READ 8001 -> 00
[18455] CMD 03
[18583] ADDR 003c
[18641] READ 003c -> 00
[18705] READ 003d -> 00
[18775] CMD 03
[18903] ADDR 8000
[18961] READ 8000 -> 0a
[19025] READ 8001 -> 00
[19111] CMD 03
[19239] ADDR 003e
[19297] READ 003e -> 00
[19361] READ 003f -> 00
[19431] CMD 03
[19559] ADDR 8000
[19617] READ 8000 -> 0a
[19681] READ 8001 -> 00
[19767] CMD 03
[19895] ADDR 0040
[19953] READ 0040 -> 00
[20017] READ 0041 -> 00
[20087] CMD 03
[20215] ADDR 8000
[20273] READ 8000 -> 0a
[20337] READ 8001 -> 00
[20423] CMD 03
[20551] ADDR 0042
[20609] READ 0042 -> 00
[20673] READ 0043 -> 00
[20743] CMD 03
[20871] ADDR 8000
[20929] READ 8000 -> 0a
[20993] READ 8001 -> 00
[21079] CMD 03
[21207] ADDR 0044
[21265] READ 0044 -> 00
[21329] READ 0045 -> 00
[21399] CMD 03
[21527] ADDR 8000
[21585] READ 8000 -> 0a
[21649] READ 8001 -> 00
[21735] CMD 03
[21863] ADDR 0046
[21921] READ 0046 -> 00
[21985] READ 0047 -> 00
[22055] CMD 03
[22183] ADDR 8000
[22241] READ 8000 -> 0a
[22305] READ 8001 -> 00
[22391] CMD 03
[22519] ADDR 0048
[22577] READ 0048 -> 00
[22641] READ 0049 -> 00
[22711] CMD 03
[22839] ADDR 8000
[22897] READ 8000 -> 0a
[22961] READ 8001 -> 00
[23047] CMD 03
[23175] ADDR 004a
[23233] READ 004a -> 00
[23297] READ 004b -> 00
[23367] CMD 03
[23495] ADDR 8000
[23553] READ 8000 -> 0a
[23617] READ 8001 -> 00
[23703] CMD 03
[23831] ADDR 004c
[23889] READ 004c -> 00
[23953] READ 004d -> 00
[24023] CMD 03
[24151] ADDR 8000
[24209] READ 8000 -> 0a
[24273] READ 8001 -> 00
[24359] CMD 03
[24487] ADDR 004e
[24545] READ 004e -> 00
[24609] READ 004f -> 00
[24679] CMD 03
[24807] ADDR 8000
[24865] READ 8000 -> 0a
[24929] READ 8001 -> 00
[25015] CMD 03
[25143] ADDR 0050
[25201] READ 0050 -> 00
[25265] READ 0051 -> 00
[25335] CMD 03
[25463] ADDR 8000
[25521] READ 8000 -> 0a
[25585] READ 8001 -> 00
[25671] CMD 03
[25799] ADDR 0052
[25857] READ 0052 -> 00
[25921] READ 0053 -> 00
[25991] CMD 03
[26119] ADDR 8000
[26177] READ 8000 -> 0a
[26241] READ 8001 -> 00
[26327] CMD 03
[26455] ADDR 0054
[26513] READ 0054 -> 00
[26577] READ 0055 -> 00
[26647] CMD 03
[26775] ADDR 8000
[26833] READ 8000 -> 0a
[26897] READ 8001 -> 00
[26983] CMD 03
[27111] ADDR 0056
[27169] READ 0056 -> 00
[27233] READ 0057 -> 00
[27303] CMD 03
[27431] ADDR 8000
[27489] READ 8000 -> 0a
[27553] READ 8001 -> 00
[27639] CMD 03
[27767] ADDR 0058
[27825] READ 0058 -> 00
[27889] READ 0059 -> 00
[27959] CMD 03
[28087] ADDR 8000
[28145] READ 8000 -> 0a
[28209] READ 8001 -> 00
[28295] CMD 03
[28423] ADDR 005a
[28481] READ 005a -> 00
[28545] READ 005b -> 00
[28615] CMD 03
[28743] ADDR 8000
[28801] READ 8000 -> 0a
[28865] READ 8001 -> 00
[28951] CMD 03
[29079] ADDR 005c
[29137] READ 005c -> 00
[29201] READ 005d -> 00
[29271] CMD 03
[29399] ADDR 8000
[29457] READ 8000 -> 0a
[29521] READ 8001 -> 00
[29607] CMD 03
[29735] ADDR 005e
[29793] READ 005e -> 00
[29857] READ 005f -> 00
[29927] CMD 03
[30055] ADDR 8000
[30113] READ 8000 -> 0a
[30177] READ 8001 -> 00
[30263] CMD 03
[30391] ADDR 0060
[30449] READ 0060 -> 00
[30513] READ 0061 -> 00
[30583] CMD 03
[30711] ADDR 8000
[30769] READ 8000 -> 0a
[30833] READ 8001 -> 00
[30919] CMD 03
[31047] ADDR 0062
[31105] READ 0062 -> 00
[31169] READ 0063 -> 00
[31239] CMD 03
[31367] ADDR 8000
[31425] READ 8000 -> 0a
[31489] READ 8001 -> 00
[31575] CMD 03
[31703] ADDR 0064
[31761] READ 0064 -> 00
[31825] READ 0065 -> 00
[31895] CMD 03
[32023] ADDR 8000
[32081] READ 8000 -> 0a
[32145] READ 8001 -> 00
[32231] CMD 03
[32359] ADDR 0066
[32417] READ 0066 -> 00
[32481] READ 0067 -> 00
[32551] CMD 03
[32679] ADDR 8000
[32737] READ 8000 -> 0a
[32801] READ 8001 -> 00
[32887] CMD 03
[33015] ADDR 0068
[33073] READ 0068 -> 00
[33137] READ 0069 -> 00
[33207] CMD 03
[33335] ADDR 8000
[33393] READ 8000 -> 0a
[33457] READ 8001 -> 00
[33543] CMD 03
[33671] ADDR 006a
[33729] READ 006a -> 00
[33793] READ 006b -> 00
[33863] CMD 03
[33991] ADDR 8000
[34049] READ 8000 -> 0a
[34113] READ 8001 -> 00
[34199] CMD 03
[34327] ADDR 006c
[34385] READ 006c -> 00
[34449] READ 006d -> 00
[34519] CMD 03
[34647] ADDR 8000
[34705] READ 8000 -> 0a
[34769] READ 8001 -> 00
[34855] CMD 03
[34983] ADDR 006e
[35041] READ 006e -> 00
[35105] READ 006f -> 00
[35175] CMD 03
[35303] ADDR 8000
[35361] READ 8000 -> 0a
[35425] READ 8001 -> 00
[35511] CMD 03
[35639] ADDR 0070
[35697] READ 0070 -> 00
[35761] READ 0071 -> 00
[35831] CMD 03
[35959] ADDR 8000
[36017] READ 8000 -> 0a
[36081] READ 8001 -> 00
[36167] CMD 03
[36295] ADDR 0072
[36353] READ 0072 -> 00
[36417] READ 0073 -> 00
[36487] CMD 03
[36615] ADDR 8000
[36673] READ 8000 -> 0a
[36737] READ 8001 -> 00
[36823] CMD 03
[36951] ADDR 0074
[37009] READ 0074 -> 00
[37073] READ 0075 -> 00
[37143] CMD 03
[37271] ADDR 8000
[37329] READ 8000 -> 0a
[37393] READ 8001 -> 00
[37479] CMD 03
[37607] ADDR 0076
[37665] READ 0076 -> 00
[37729] READ 0077 -> 00
[37799] CMD 03
[37927] ADDR 8000
[37985] READ 8000 -> 0a
[38049] READ 8001 -> 00
[38135] CMD 03
[38263] ADDR 0078
[38321] READ 0078 -> 00
[38385] READ 0079 -> 00
[38455] CMD 03
[38583] ADDR 8000
[38641] READ 8000 -> 0a
[38705] READ 8001 -> 00
[38791] CMD 03
[38919] ADDR 007a
[38977] READ 007a -> 00
[39041] READ 007b -> 00
[39111] CMD 03
[39239] ADDR 8000
[39297] READ 8000 -> 0a
[39361] READ 8001 -> 00
[39447] CMD 03
[39575] ADDR 007c
[39633] READ 007c -> 00
[39697] READ 007d -> 00
[39767] CMD 03
[39895] ADDR 8000
[39953] READ 8000 -> 0a
[40017] READ 8001 -> 00
[40103] CMD 03
[40231] ADDR 007e
[40289] READ 007e -> 00
[40353] READ 007f -> 00
[40423] CMD 03
[40551] ADDR 8000
[40609] READ 8000 -> 0a
[40673] READ 8001 -> 00
[40759] CMD 03
[40887] ADDR 0080
[40945] READ 0080 -> 00
[41009] READ 0081 -> 00
[41079] CMD 03
[41207] ADDR 8000
[41265] READ 8000 -> 0a
[41329] READ 8001 -> 00
[41415] CMD 03
[41543] ADDR 0082
[41601] READ 0082 -> 00
[41665] READ 0083 -> 00
[41735] CMD 03
[41863] ADDR 8000
[41921] READ 8000 -> 0a
[41985] READ 8001 -> 00
[42071] CMD 03
[42199] ADDR 0084
[42257] READ 0084 -> 00
[42321] READ 0085 -> 00
[42391] CMD 03
[42519] ADDR 8000
[42577] READ 8000 -> 0a
[42641] READ 8001 -> 00
[42727] CMD 03
[42855] ADDR 0086
[42913] READ 0086 -> 00
[42977] READ 0087 -> 00
[43047] CMD 03
[43175] ADDR 8000
[43233] READ 8000 -> 0a
[43297] READ 8001 -> 00
[43383] CMD 03
[43511] ADDR 0088
[43569] READ 0088 -> 00
[43633] READ 0089 -> 00
[43703] CMD 03
[43831] ADDR 8000
[43889] READ 8000 -> 0a
[43953] READ 8001 -> 00
[44039] CMD 03
[44167] ADDR 008a
[44225] READ 008a -> 00
[44289] READ 008b -> 00
[44359] CMD 03
[44487] ADDR 8000
[44545] READ 8000 -> 0a
[44609] READ 8001 -> 00
[44695] CMD 03
[44823] ADDR 008c
[44881] READ 008c -> 00
[44945] READ 008d -> 00
[45015] CMD 03
[45143] ADDR 8000
[45201] READ 8000 -> 0a
[45265] READ 8001 -> 00
[45351] CMD 03
[45479] ADDR 008e
[45537] READ 008e -> 00
[45601] READ 008f -> 00
[45671] CMD 03
[45799] ADDR 8000
[45857] READ 8000 -> 0a
[45921] READ 8001 -> 00
[46007] CMD 03
[46135] ADDR 0090
[46193] READ 0090 -> 00
[46257] READ 0091 -> 00
[46327] CMD 03
[46455] ADDR 8000
[46513] READ 8000 -> 0a
[46577] READ 8001 -> 00
[46663] CMD 03
[46791] ADDR 0092
[46849] READ 0092 -> 00
[46913] READ 0093 -> 00
[46983] CMD 03
[47111] ADDR 8000
[47169] READ 8000 -> 0a
[47233] READ 8001 -> 00
[47319] CMD 03
[47447] ADDR 0094
[47505] READ 0094 -> 00
[47569] READ 0095 -> 00
[47639] CMD 03
[47767] ADDR 8000
[47825] READ 8000 -> 0a
[47889] READ 8001 -> 00
[47975] CMD 03
[48103] ADDR 0096
[48161] READ 0096 -> 00
[48225] READ 0097 -> 00
[48295] CMD 03
[48423] ADDR 8000
[48481] READ 8000 -> 0a
[48545] READ 8001 -> 00
[48631] CMD 03
[48759] ADDR 0098
[48817] READ 0098 -> 00
[48881] READ 0099 -> 00
[48951] CMD 03
[49079] ADDR 8000
[49137] READ 8000 -> 0a
[49201] READ 8001 -> 00
[49287] CMD 03
[49415] ADDR 009a
[49473] READ 009a -> 00
[49537] READ 009b -> 00
[49607] CMD 03
[49735] ADDR 8000
[49793] READ 8000 -> 0a
[49857] READ 8001 -> 00
[49943] CMD 03
[50071] ADDR 009c
[50129] READ 009c -> 00
[50193] READ 009d -> 00
[50263] CMD 03
[50391] ADDR 8000
[50449] READ 8000 -> 0a
[50513] READ 8001 -> 00
[50599] CMD 03
[50727] ADDR 009e
[50785] READ 009e -> 00
[50849] READ 009f -> 00
[50919] CMD 03
[51047] ADDR 8000
[51105] READ 8000 -> 0a
[51169] READ 8001 -> 00
[51255] CMD 03
[51383] ADDR 00a0
[51441] READ 00a0 -> 00
[51505] READ 00a1 -> 00
[51575] CMD 03
[51703] ADDR 8000
[51761] READ 8000 -> 0a
[51825] READ 8001 -> 00
[51911] CMD 03
[52039] ADDR 00a2
[52097] READ 00a2 -> 00
[52161] READ 00a3 -> 00
[52231] CMD 03
[52359] ADDR 8000
[52417] READ 8000 -> 0a
[52481] READ 8001 -> 00
[52567] CMD 03
[52695] ADDR 00a4
[52753] READ 00a4 -> 00
[52817] READ 00a5 -> 00
[52887] CMD 03
[53015] ADDR 8000
[53073] READ 8000 -> 0a
[53137] READ 8001 -> 00
[53223] CMD 03
[53351] ADDR 00a6
[53409] READ 00a6 -> 00
[53473] READ 00a7 -> 00
[53543] CMD 03
[53671] ADDR 8000
[53729] READ 8000 -> 0a
[53793] READ 8001 -> 00
[53879] CMD 03
[54007] ADDR 00a8
[54065] READ 00a8 -> 00
[54129] READ 00a9 -> 00
[54199] CMD 03
[54327] ADDR 8000
[54385] READ 8000 -> 0a
[54449] READ 8001 -> 00
[54535] CMD 03
[54663] ADDR 00aa
[54721] READ 00aa -> 00
[54785] READ 00ab -> 00
[54855] CMD 03
[54983] ADDR 8000
[55041] READ 8000 -> 0a
[55105] READ 8001 -> 00
[55191] CMD 03
[55319] ADDR 00ac
[55377] READ 00ac -> 00
[55441] READ 00ad -> 00
[55511] CMD 03
[55639] ADDR 8000
[55697] READ 8000 -> 0a
[55761] READ 8001 -> 00
[55847] CMD 03
[55975] ADDR 00ae
[56033] READ 00ae -> 00
[56097] READ 00af -> 00
[56167] CMD 03
[56295] ADDR 8000
[56353] READ 8000 -> 0a
[56417] READ 8001 -> 00
[56503] CMD 03
[56631] ADDR 00b0
[56689] READ 00b0 -> 00
[56753] READ 00b1 -> 00
[56823] CMD 03
[56951] ADDR 8000
[57009] READ 8000 -> 0a
[57073] READ 8001 -> 00
[57159] CMD 03
[57287] ADDR 00b2
[57345] READ 00b2 -> 00
[57409] READ 00b3 -> 00
[57479] CMD 03
[57607] ADDR 8000
[57665] READ 8000 -> 0a
[57729] READ 8001 -> 00
[57815] CMD 03
[57943] ADDR 00b4
[58001] READ 00b4 -> 00
[58065] READ 00b5 -> 00
[58135] CMD 03
[58263] ADDR 8000
[58321] READ 8000 -> 0a
[58385] READ 8001 -> 00
[58471] CMD 03
[58599] ADDR 00b6
[58657] READ 00b6 -> 00
[58721] READ 00b7 -> 00
[58791] CMD 03
[58919] ADDR 8000
[58977] READ 8000 -> 0a
[59041] READ 8001 -> 00
[59127] CMD 03
[59255] ADDR 00b8
[59313] READ 00b8 -> 00
[59377] READ 00b9 -> 00
[59447] CMD 03
[59575] ADDR 8000
[59633] READ 8000 -> 0a
[59697] READ 8001 -> 00
[59783] CMD 03
[59911] ADDR 00ba
[59969] READ 00ba -> 00
[60033] READ 00bb -> 00
[60103] CMD 03
[60231] ADDR 8000
[60289] READ 8000 -> 0a
[60353] READ 8001 -> 00
[60439] CMD 03
[60567] ADDR 00bc
[60625] READ 00bc -> 00
[60689] READ 00bd -> 00
[60759] CMD 03
[60887] ADDR 8000
[60945] READ 8000 -> 0a
[61009] READ 8001 -> 00
[61095] CMD 03
[61223] ADDR 00be
[61281] READ 00be -> 00
[61345] READ 00bf -> 00
[61415] CMD 03
[61543] ADDR 8000
[61601] READ 8000 -> 0a
[61665] READ 8001 -> 00
[61751] CMD 03
[61879] ADDR 00c0
[61937] READ 00c0 -> 00
[62001] READ 00c1 -> 00
[62071] CMD 03
[62199] ADDR 8000
[62257] READ 8000 -> 0a
[62321] READ 8001 -> 00
[62407] CMD 03
[62535] ADDR 00c2
[62593] READ 00c2 -> 00
[62657] READ 00c3 -> 00
[62727] CMD 03
[62855] ADDR 8000
[62913] READ 8000 -> 0a
[62977] READ 8001 -> 00
[63063] CMD 03
[63191] ADDR 00c4
[63249] READ 00c4 -> 00
[63313] READ 00c5 -> 00
[63383] CMD 03
[63511] ADDR 8000
[63569] READ 8000 -> 0a
[63633] READ 8001 -> 00
[63719] CMD 03
[63847] ADDR 00c6
[63905] READ 00c6 -> 00
[63969] READ 00c7 -> 00
[64039] CMD 03
[64167] ADDR 8000
[64225] READ 8000 -> 0a
[64289] READ 8001 -> 00
[64375] CMD 03
[64503] ADDR 00c8
[64561] READ 00c8 -> 00
[64625] READ 00c9 -> 00
[64695] CMD 03
[64823] ADDR 8000
[64881] READ 8000 -> 0a
[64945] READ 8001 -> 00
[65031] CMD 03
[65159] ADDR 00ca
[65217] READ 00ca -> 00
[65281] READ 00cb -> 00
[65351] CMD 03
[65479] ADDR 8000
[65537] READ 8000 -> 0a
[65601] READ 8001 -> 00
[65687] CMD 03
[65815] ADDR 00cc
[65873] READ 00cc -> 00
[65937] READ 00cd -> 00
[66007] CMD 03
[66135] ADDR 8000
[66193] READ 8000 -> 0a
[66257] READ 8001 -> 00
[66343] CMD 03
[66471] ADDR 00ce
[66529] READ 00ce -> 00
[66593] READ 00cf -> 00
[66663] CMD 03
[66791] ADDR 8000
[66849] READ 8000 -> 0a
[66913] READ 8001 -> 00
[66999] CMD 03
[67127] ADDR 00d0
[67185] READ 00d0 -> 00
[67249] READ 00d1 -> 00
[67319] CMD 03
[67447] ADDR 8000
[67505] READ 8000 -> 0a
[67569] READ 8001 -> 00
[67655] CMD 03
[67783] ADDR 00d2
[67841] READ 00d2 -> 00
[67905] READ 00d3 -> 00
[67975] CMD 03
[68103] ADDR 8000
[68161] READ 8000 -> 0a
[68225] READ 8001 -> 00
[68311] CMD 03
[68439] ADDR 00d4
[68497] READ 00d4 -> 00
[68561] READ 00d5 -> 00
[68631] CMD 03
[68759] ADDR 8000
[68817] READ 8000 -> 0a
[68881] READ 8001 -> 00
[68967] CMD 03
[69095] ADDR 00d6
[69153] READ 00d6 -> 00
[69217] READ 00d7 -> 00
[69287] CMD 03
[69415] ADDR 8000
[69473] READ 8000 -> 0a
[69537] READ 8001 -> 00
[69623] CMD 03
[69751] ADDR 00d8
[69809] READ 00d8 -> 00
[69873] READ 00d9 -> 00
[69943] CMD 03
[70071] ADDR 8000
[70129] READ 8000 -> 0a
[70193] READ 8001 -> 00
[70279] CMD 03
[70407] ADDR 00da
[70465] READ 00da -> 00
[70529] READ 00db -> 00
[70599] CMD 03
[70727] ADDR 8000
[70785] READ 8000 -> 0a
[70849] READ 8001 -> 00
[70935] CMD 03
[71063] ADDR 00dc
[71121] READ 00dc -> 00
[71185] READ 00dd -> 00
[71255] CMD 03
[71383] ADDR 8000
[71441] READ 8000 -> 0a
[71505] READ 8001 -> 00
[71591] CMD 03
[71719] ADDR 00de
[71777] READ 00de -> 00
[71841] READ 00df -> 00
[71911] CMD 03
[72039] ADDR 8000
[72097] READ 8000 -> 0a
[72161] READ 8001 -> 00
[72247] CMD 03
[72375] ADDR 00e0
[72433] READ 00e0 -> 00
[72497] READ 00e1 -> 00
[72567] CMD 03
[72695] ADDR 8000
[72753] READ 8000 -> 0a
[72817] READ 8001 -> 00
[72903] CMD 03
[73031] ADDR 00e2
[73089] READ 00e2 -> 00
[73153] READ 00e3 -> 00
[73223] CMD 03
[73351] ADDR 8000
[73409] READ 8000 -> 0a
[73473] READ 8001 -> 00
[73559] CMD 03
[73687] ADDR 00e4
[73745] READ 00e4 -> 00
[73809] READ 00e5 -> 00
[73879] CMD 03
[74007] ADDR 8000
[74065] READ 8000 -> 0a
[74129] READ 8001 -> 00
[74215] CMD 03
[74343] ADDR 00e6
[74401] READ 00e6 -> 00
[74465] READ 00e7 -> 00
[74535] CMD 03
[74663] ADDR 8000
[74721] READ 8000 -> 0a
[74785] READ 8001 -> 00
[74871] CMD 03
[74999] ADDR 00e8
[75057] READ 00e8 -> 00
[75121] READ 00e9 -> 00
[75191] CMD 03
[75319] ADDR 8000
[75377] READ 8000 -> 0a
[75441] READ 8001 -> 00
[75527] CMD 03
[75655] ADDR 00ea
[75713] READ 00ea -> 00
[75777] READ 00eb -> 00
[75847] CMD 03
[75975] ADDR 8000
[76033] READ 8000 -> 0a
[76097] READ 8001 -> 00
[76183] CMD 03
[76311] ADDR 00ec
[76369] READ 00ec -> 00
[76433] READ 00ed -> 00
[76503] CMD 03
[76631] ADDR 8000
[76689] READ 8000 -> 0a
[76753] READ 8001 -> 00
[76839] CMD 03
[76967] ADDR 00ee
[77025] READ 00ee -> 00
[77089] READ 00ef -> 00
[77159] CMD 03
[77287] ADDR 8000
[77345] READ 8000 -> 0a
[77409] READ 8001 -> 00
[77495] CMD 03
[77623] ADDR 00f0
[77681] READ 00f0 -> 00
[77745] READ 00f1 -> 00
[77815] CMD 03
[77943] ADDR 8000
[78001] READ 8000 -> 0a
[78065] READ 8001 -> 00
[78151] CMD 03
[78279] ADDR 00f2
[78337] READ 00f2 -> 00
[78401] READ 00f3 -> 00
[78471] CMD 03
[78599] ADDR 8000
[78657] READ 8000 -> 0a
[78721] READ 8001 -> 00
[78807] CMD 03
[78935] ADDR 00f4
[78993] READ 00f4 -> 00
[79057] READ 00f5 -> 00
[79127] CMD 03
[79255] ADDR 8000
[79313] READ 8000 -> 0a
[79377] READ 8001 -> 00
[79463] CMD 03
[79591] ADDR 00f6
[79649] READ 00f6 -> 00
[79713] READ 00f7 -> 00
[79783] CMD 03
[79911] ADDR 8000
[79969] READ 8000 -> 0a
[80033] READ 8001 -> 00
[80119] CMD 03
[80247] ADDR 00f8
[80305] READ 00f8 -> 00
[80369] READ 00f9 -> 00
[80439] CMD 03
[80567] ADDR 8000
[80625] READ 8000 -> 0a
[80689] READ 8001 -> 00
[80775] CMD 03
[80903] ADDR 00fa
[80961] READ 00fa -> 00
[81025] READ 00fb -> 00
[81095] CMD 03
[81223] ADDR 8000
[81281] READ 8000 -> 0a
[81345] READ 8001 -> 00
[81431] CMD 03
[81559] ADDR 00fc
[81617] READ 00fc -> 00
[81681] READ 00fd -> 00
[81751] CMD 03
[81879] ADDR 8000
[81937] READ 8000 -> 0a
[82001] READ 8001 -> 00
[82087] CMD 03
[82215] ADDR 00fe
[82273] READ 00fe -> 00
[82337] READ 00ff -> 00
[82407] CMD 03
[82535] ADDR 8000
[82593] READ 8000 -> 0a
[82657] READ 8001 -> 00
[82743] CMD 03
[82871] ADDR 0100
[82929] READ 0100 -> 00
[82993] READ 0101 -> 00
[83063] CMD 03
[83191] ADDR 8000
[83249] READ 8000 -> 0a
[83313] READ 8001 -> 00
[83399] CMD 03
[83527] ADDR 0102
[83585] READ 0102 -> 00
[83649] READ 0103 -> 00
[83719] CMD 03
[83847] ADDR 8000
[83905] READ 8000 -> 0a
[83969] READ 8001 -> 00
[84055] CMD 03
[84183] ADDR 0104
[84241] READ 0104 -> 00
[84305] READ 0105 -> 00
[84375] CMD 03
[84503] ADDR 8000
[84561] READ 8000 -> 0a
[84625] READ 8001 -> 00
[84711] CMD 03
[84839] ADDR 0106
[84897] READ 0106 -> 00
[84961] READ 0107 -> 00
[85031] CMD 03
[85159] ADDR 8000
[85217] READ 8000 -> 0a
[85281] READ 8001 -> 00
[85367] CMD 03
[85495] ADDR 0108
[85553] READ 0108 -> 00
[85617] READ 0109 -> 00
[85687] CMD 03
[85815] ADDR 8000
[85873] READ 8000 -> 0a
[85937] READ 8001 -> 00
[86023] CMD 03
[86151] ADDR 010a
[86209] READ 010a -> 00
[86273] READ 010b -> 00
[86343] CMD 03
[86471] ADDR 8000
[86529] READ 8000 -> 0a
[86593] READ 8001 -> 00
[86679] CMD 03
[86807] ADDR 010c
[86865] READ 010c -> 00
[86929] READ 010d -> 00
[86999] CMD 03
[87127] ADDR 8000
[87185] READ 8000 -> 0a
[87249] READ 8001 -> 00
[87335] CMD 03
[87463] ADDR 010e
[87521] READ 010e -> 00
[87585] READ 010f -> 00
[87655] CMD 03
[87783] ADDR 8000
[87841] READ 8000 -> 0a
[87905] READ 8001 -> 00
[87991] CMD 03
[88119] ADDR 0110
[88177] READ 0110 -> 00
[88241] READ 0111 -> 00
[88311] CMD 03
[88439] ADDR 8000
[88497] READ 8000 -> 0a
[88561] READ 8001 -> 00
[88647] CMD 03
[88775] ADDR 0112
[88833] READ 0112 -> 00
[88897] READ 0113 -> 00
[88967] CMD 03
[89095] ADDR 8000
[89153] READ 8000 -> 0a
[89217] READ 8001 -> 00
[89303] CMD 03
[89431] ADDR 0114
[89489] READ 0114 -> 00
[89553] READ 0115 -> 00
[89623] CMD 03
[89751] ADDR 8000
[89809] READ 8000 -> 0a
[89873] READ 8001 -> 00
[89959] CMD 03
[90087] ADDR 0116
[90145] READ 0116 -> 00
[90209] READ 0117 -> 00
[90279] CMD 03
[90407] ADDR 8000
[90465] READ 8000 -> 0a
[90529] READ 8001 -> 00
[90615] CMD 03
[90743] ADDR 0118
[90801] READ 0118 -> 00
[90865] READ 0119 -> 00
[90935] CMD 03
[91063] ADDR 8000
[91121] READ 8000 -> 0a
[91185] READ 8001 -> 00
[91271] CMD 03
[91399] ADDR 011a
[91457] READ 011a -> 00
[91521] READ 011b -> 00
[91591] CMD 03
[91719] ADDR 8000
[91777] READ 8000 -> 0a
[91841] READ 8001 -> 00
[91927] CMD 03
[92055] ADDR 011c
[92113] READ 011c -> 00
[92177] READ 011d -> 00
[92247] CMD 03
[92375] ADDR 8000
[92433] READ 8000 -> 0a
[92497] READ 8001 -> 00
[92583] CMD 03
[92711] ADDR 011e
[92769] READ 011e -> 00
[92833] READ 011f -> 00
[92903] CMD 03
[93031] ADDR 8000
[93089] READ 8000 -> 0a
[93153] READ 8001 -> 00
[93239] CMD 03
[93367] ADDR 0120
[93425] READ 0120 -> 00
[93489] READ 0121 -> 00
[93559] CMD 03
[93687] ADDR 8000
[93745] READ 8000 -> 0a
[93809] READ 8001 -> 00
[93895] CMD 03
[94023] ADDR 0122
[94081] READ 0122 -> 00
[94145] READ 0123 -> 00
[94215] CMD 03
[94343] ADDR 8000
[94401] READ 8000 -> 0a
[94465] READ 8001 -> 00
[94551] CMD 03
[94679] ADDR 0124
[94737] READ 0124 -> 00
[94801] READ 0125 -> 00
[94871] CMD 03
[94999] ADDR 8000
[95057] READ 8000 -> 0a
[95121] READ 8001 -> 00
[95207] CMD 03
[95335] ADDR 0126
[95393] READ 0126 -> 00
[95457] READ 0127 -> 00
[95527] CMD 03
[95655] ADDR 8000
[95713] READ 8000 -> 0a
[95777] READ 8001 -> 00
[95863] CMD 03
[95991] ADDR 0128
[96049] READ 0128 -> 00
[96113] READ 0129 -> 00
[96183] CMD 03
[96311] ADDR 8000
[96369] READ 8000 -> 0a
[96433] READ 8001 -> 00
[96519] CMD 03
[96647] ADDR 012a
[96705] READ 012a -> 00
[96769] READ 012b -> 00
[96839] CMD 03
[96967] ADDR 8000
[97025] READ 8000 -> 0a
[97089] READ 8001 -> 00
[97175] CMD 03
[97303] ADDR 012c
[97361] READ 012c -> 00
[97425] READ 012d -> 00
[97495] CMD 03
[97623] ADDR 8000
[97681] READ 8000 -> 0a
[97745] READ 8001 -> 00
[97831] CMD 03
[97959] ADDR 012e
[98017] READ 012e -> 00
[98081] READ 012f -> 00
[98151] CMD 03
[98279] ADDR 8000
[98337] READ 8000 -> 0a
[98401] READ 8001 -> 00
[98487] CMD 03
[98615] ADDR 0130
[98673] READ 0130 -> 00
[98737] READ 0131 -> 00
[98807] CMD 03
[98935] ADDR 8000
[98993] READ 8000 -> 0a
[99057] READ 8001 -> 00
[99143] CMD 03
[99271] ADDR 0132
[99329] READ 0132 -> 00
[99393] READ 0133 -> 00
[99463] CMD 03
[99591] ADDR 8000
[99649] READ 8000 -> 0a
[99713] READ 8001 -> 00
[99799] CMD 03
[99927] ADDR 0134
[99985] READ 0134 -> 00
[100049] READ 0135 -> 00
[100119] CMD 03
[100247] ADDR 8000
[100305] READ 8000 -> 0a
[100369] READ 8001 -> 00
[100455] CMD 03
[100583] ADDR 0136
[100641] READ 0136 -> 00
[100705] READ 0137 -> 00
[100775] CMD 03
[100903] ADDR 8000
[100961] READ 8000 -> 0a
[101025] READ 8001 -> 00
[101111] CMD 03
[101239] ADDR 0138
[101297] READ 0138 -> 00
[101361] READ 0139 -> 00
[101431] CMD 03
[101559] ADDR 8000
[101617] READ 8000 -> 0a
[101681] READ 8001 -> 00
[101767] CMD 03
[101895] ADDR 013a
[101953] READ 013a -> 00
[102017] READ 013b -> 00
[102087] CMD 03
[102215] ADDR 8000
[102273] READ 8000 -> 0a
[102337] READ 8001 -> 00
[102423] CMD 03
[102551] ADDR 013c
[102609] READ 013c -> 00
[102673] READ 013d -> 00
[102743] CMD 03
[102871] ADDR 8000
[102929] READ 8000 -> 0a
[102993] READ 8001 -> 00
[103079] CMD 03
[103207] ADDR 013e
[103265] READ 013e -> 00
[103329] READ 013f -> 00
[103399] CMD 03
[103527] ADDR 8000
[103585] READ 8000 -> 0a
[103649] READ 8001 -> 00
[103735] CMD 03
[103863] ADDR 0140
[103921] READ 0140 -> 00
[103985] READ 0141 -> 00
[104055] CMD 03
[104183] ADDR 8000
[104241] READ 8000 -> 0a
[104305] READ 8001 -> 00
[104391] CMD 03
[104519] ADDR 0142
[104577] READ 0142 -> 00
[104641] READ 0143 -> 00
[104711] CMD 03
[104839] ADDR 8000
[104897] READ 8000 -> 0a
[104961] READ 8001 -> 00
[105047] CMD 03
[105175] ADDR 0144
[105233] READ 0144 -> 00
[105297] READ 0145 -> 00
[105367] CMD 03
[105495] ADDR 8000
[105553] READ 8000 -> 0a
[105617] READ 8001 -> 00
[105703] CMD 03
[105831] ADDR 0146
[105889] READ 0146 -> 00
[105953] READ 0147 -> 00
[106023] CMD 03
[106151] ADDR 8000
[106209] READ 8000 -> 0a
[106273] READ 8001 -> 00
[106359] CMD 03
[106487] ADDR 0148
[106545] READ 0148 -> 00
[106609] READ 0149 -> 00
[106679] CMD 03
[106807] ADDR 8000
[106865] READ 8000 -> 0a
[106929] READ 8001 -> 00
[107015] CMD 03
[107143] ADDR 014a
[107201] READ 014a -> 00
[107265] READ 014b -> 00
[107335] CMD 03
[107463] ADDR 8000
[107521] READ 8000 -> 0a
[107585] READ 8001 -> 00
[107671] CMD 03
[107799] ADDR 014c
[107857] READ 014c -> 00
[107921] READ 014d -> 00
[107991] CMD 03
[108119] ADDR 8000
[108177] READ 8000 -> 0a
[108241] READ 8001 -> 00
[108327] CMD 03
[108455] ADDR 014e
[108513] READ 014e -> 00
[108577] READ 014f -> 00
[108647] CMD 03
[108775] ADDR 8000
[108833] READ 8000 -> 0a
[108897] READ 8001 -> 00
[108983] CMD 03
[109111] ADDR 0150
[109169] READ 0150 -> 00
[109233] READ 0151 -> 00
[109303] CMD 03
[109431] ADDR 8000
[109489] READ 8000 -> 0a
[109553] READ 8001 -> 00
[109639] CMD 03
[109767] ADDR 0152
[109825] READ 0152 -> 00
[109889] READ 0153 -> 00
[109959] CMD 03
[110087] ADDR 8000
[110145] READ 8000 -> 0a
[110209] READ 8001 -> 00
[110295] CMD 03
[110423] ADDR 0154
[110481] READ 0154 -> 00
[110545] READ 0155 -> 00
[110615] CMD 03
[110743] ADDR 8000
[110801] READ 8000 -> 0a
[110865] READ 8001 -> 00
[110951] CMD 03
[111079] ADDR 0156
[111137] READ 0156 -> 00
[111201] READ 0157 -> 00
[111271] CMD 03
[111399] ADDR 8000
[111457] READ 8000 -> 0a
[111521] READ 8001 -> 00
[111607] CMD 03
[111735] ADDR 0158
[111793] READ 0158 -> 00
[111857] READ 0159 -> 00
[111927] CMD 03
[112055] ADDR 8000
[112113] READ 8000 -> 0a
[112177] READ 8001 -> 00
[112263] CMD 03
[112391] ADDR 015a
[112449] READ 015a -> 00
[112513] READ 015b -> 00
[112583] CMD 03
[112711] ADDR 8000
[112769] READ 8000 -> 0a
[112833] READ 8001 -> 00
[112919] CMD 03
[113047] ADDR 015c
[113105] READ 015c -> 00
[113169] READ 015d -> 00
[113239] CMD 03
[113367] ADDR 8000
[113425] READ 8000 -> 0a
[113489] READ 8001 -> 00
[113575] CMD 03
[113703] ADDR 015e
[113761] READ 015e -> 00
[113825] READ 015f -> 00
[113895] CMD 03
[114023] ADDR 8000
[114081] READ 8000 -> 0a
[114145] READ 8001 -> 00
[114231] CMD 03
[114359] ADDR 0160
[114417] READ 0160 -> 00
[114481] READ 0161 -> 00
[114551] CMD 03
[114679] ADDR 8000
[114737] READ 8000 -> 0a
[114801] READ 8001 -> 00
[114887] CMD 03
[115015] ADDR 0162
[115073] READ 0162 -> 00
[115137] READ 0163 -> 00
[115207] CMD 03
[115335] ADDR 8000
[115393] READ 8000 -> 0a
[115457] READ 8001 -> 00
[115543] CMD 03
[115671] ADDR 0164
[115729] READ 0164 -> 00
[115793] READ 0165 -> 00
[115863] CMD 03
[115991] ADDR 8000
[116049] READ 8000 -> 0a
[116113] READ 8001 -> 00
[116199] CMD 03
[116327] ADDR 0166
[116385] READ 0166 -> 00
[116449] READ 0167 -> 00
[116519] CMD 03
[116647] ADDR 8000
[116705] READ 8000 -> 0a
[116769] READ 8001 -> 00
[116855] CMD 03
[116983] ADDR 0168
[117041] READ 0168 -> 00
[117105] READ 0169 -> 00
[117175] CMD 03
[117303] ADDR 8000
[117361] READ 8000 -> 0a
[117425] READ 8001 -> 00
[117511] CMD 03
[117639] ADDR 016a
[117697] READ 016a -> 00
[117761] READ 016b -> 00
[117831] CMD 03
[117959] ADDR 8000
[118017] READ 8000 -> 0a
[118081] READ 8001 -> 00
[118167] CMD 03
[118295] ADDR 016c
[118353] READ 016c -> 00
[118417] READ 016d -> 00
[118487] CMD 03
[118615] ADDR 8000
[118673] READ 8000 -> 0a
[118737] READ 8001 -> 00
[118823] CMD 03
[118951] ADDR 016e
[119009] READ 016e -> 00
[119073] READ 016f -> 00
[119143] CMD 03
[119271] ADDR 8000
[119329] READ 8000 -> 0a
[119393] READ 8001 -> 00
[119479] CMD 03
[119607] ADDR 0170
[119665] READ 0170 -> 00
[119729] READ 0171 -> 00
[119799] CMD 03
[119927] ADDR 8000
[119985] READ 8000 -> 0a
[120049] READ 8001 -> 00
[120135] CMD 03
[120263] ADDR 0172
[120321] READ 0172 -> 00
[120385] READ 0173 -> 00
[120455] CMD 03
[120583] ADDR 8000
[120641] READ 8000 -> 0a
[120705] READ 8001 -> 00
[120791] CMD 03
[120919] ADDR 0174
[120977] READ 0174 -> 00
[121041] READ 0175 -> 00
[121111] CMD 03
[121239] ADDR 8000
[121297] READ 8000 -> 0a
[121361] READ 8001 -> 00
[121447] CMD 03
[121575] ADDR 0176
[121633] READ 0176 -> 00
[121697] READ 0177 -> 00
[121767] CMD 03
[121895] ADDR 8000
[121953] READ 8000 -> 0a
[122017] READ 8001 -> 00
[122103] CMD 03
[122231] ADDR 0178
[122289] READ 0178 -> 00
[122353] READ 0179 -> 00
[122423] CMD 03
[122551] ADDR 8000
[122609] READ 8000 -> 0a
[122673] READ 8001 -> 00
[122759] CMD 03
[122887] ADDR 017a
[122945] READ 017a -> 00
[123009] READ 017b -> 00
[123079] CMD 03
[123207] ADDR 8000
[123265] READ 8000 -> 0a
[123329] READ 8001 -> 00
[123415] CMD 03
[123543] ADDR 017c
[123601] READ 017c -> 00
[123665] READ 017d -> 00
[123735] CMD 03
[123863] ADDR 8000
[123921] READ 8000 -> 0a
[123985] READ 8001 -> 00
[124071] CMD 03
[124199] ADDR 017e
[124257] READ 017e -> 00
[124321] READ 017f -> 00
[124391] CMD 03
[124519] ADDR 8000
[124577] READ 8000 -> 0a
[124641] READ 8001 -> 00
[124727] CMD 03
[124855] ADDR 0180
[124913] READ 0180 -> 00
[124977] READ 0181 -> 00
[125047] CMD 03
[125175] ADDR 8000
[125233] READ 8000 -> 0a
[125297] READ 8001 -> 00
[125383] CMD 03
[125511] ADDR 0182
[125569] READ 0182 -> 00
[125633] READ 0183 -> 00
[125703] CMD 03
[125831] ADDR 8000
[125889] READ 8000 -> 0a
[125953] READ 8001 -> 00
[126039] CMD 03
[126167] ADDR 0184
[126225] READ 0184 -> 00
[126289] READ 0185 -> 00
[126359] CMD 03
[126487] ADDR 8000
[126545] READ 8000 -> 0a
[126609] READ 8001 -> 00
[126695] CMD 03
[126823] ADDR 0186
[126881] READ 0186 -> 00
[126945] READ 0187 -> 00
[127015] CMD 03
[127143] ADDR 8000
[127201] READ 8000 -> 0a
[127265] READ 8001 -> 00
[127351] CMD 03
[127479] ADDR 0188
[127537] READ 0188 -> 00
[127601] READ 0189 -> 00
[127671] CMD 03
[127799] ADDR 8000
[127857] READ 8000 -> 0a
[127921] READ 8001 -> 00
[128007] CMD 03
[128135] ADDR 018a
[128193] READ 018a -> 00
[128257] READ 018b -> 00
[128327] CMD 03
[128455] ADDR 8000
[128513] READ 8000 -> 0a
[128577] READ 8001 -> 00
[128663] CMD 03
[128791] ADDR 018c
[128849] READ 018c -> 00
[128913] READ 018d -> 00
[128983] CMD 03
[129111] ADDR 8000
[129169] READ 8000 -> 0a
[129233] READ 8001 -> 00
[129319] CMD 03
[129447] ADDR 018e
[129505] READ 018e -> 00
[129569] READ 018f -> 00
[129639] CMD 03
[129767] ADDR 8000
[129825] READ 8000 -> 0a
[129889] READ 8001 -> 00
[129975] CMD 03
[130103] ADDR 0190
[130161] READ 0190 -> 00
[130225] READ 0191 -> 00
[130295] CMD 03
[130423] ADDR 8000
[130481] READ 8000 -> 0a
[130545] READ 8001 -> 00
[130631] CMD 03
[130759] ADDR 0192
[130817] READ 0192 -> 00
[130881] READ 0193 -> 00
[130951] CMD 03
[131079] ADDR 8000
[131137] READ 8000 -> 0a
[131201] READ 8001 -> 00
[131287] CMD 03
[131415] ADDR 0194
[131473] READ 0194 -> 00
[131537] READ 0195 -> 00
[131607] CMD 03
[131735] ADDR 8000
[131793] READ 8000 -> 0a
[131857] READ 8001 -> 00
[131943] CMD 03
[132071] ADDR 0196
[132129] READ 0196 -> 00
[132193] READ 0197 -> 00
[132263] CMD 03
[132391] ADDR 8000
[132449] READ 8000 -> 0a
[132513] READ 8001 -> 00
[132599] CMD 03
[132727] ADDR 0198
[132785] READ 0198 -> 00
[132849] READ 0199 -> 00
[132919] CMD 03
[133047] ADDR 8000
[133105] READ 8000 -> 0a
[133169] READ 8001 -> 00
[133255] CMD 03
[133383] ADDR 019a
[133441] READ 019a -> 00
[133505] READ 019b -> 00
[133575] CMD 03
[133703] ADDR 8000
[133761] READ 8000 -> 0a
[133825] READ 8001 -> 00
[133911] CMD 03
[134039] ADDR 019c
[134097] READ 019c -> 00
[134161] READ 019d -> 00
[134231] CMD 03
[134359] ADDR 8000
[134417] READ 8000 -> 0a
[134481] READ 8001 -> 00
[134567] CMD 03
[134695] ADDR 019e
[134753] READ 019e -> 00
[134817] READ 019f -> 00
[134887] CMD 03
[135015] ADDR 8000
[135073] READ 8000 -> 0a
[135137] READ 8001 -> 00
[135223] CMD 03
[135351] ADDR 01a0
[135409] READ 01a0 -> 00
[135473] READ 01a1 -> 00
[135543] CMD 03
[135671] ADDR 8000
[135729] READ 8000 -> 0a
[135793] READ 8001 -> 00
[135879] CMD 03
[136007] ADDR 01a2
[136065] READ 01a2 -> 00
[136129] READ 01a3 -> 00
[136199] CMD 03
[136327] ADDR 8000
[136385] READ 8000 -> 0a
[136449] READ 8001 -> 00
[136535] CMD 03
[136663] ADDR 01a4
[136721] READ 01a4 -> 00
[136785] READ 01a5 -> 00
[136855] CMD 03
[136983] ADDR 8000
[137041] READ 8000 -> 0a
[137105] READ 8001 -> 00
[137191] CMD 03
[137319] ADDR 01a6
[137377] READ 01a6 -> 00
[137441] READ 01a7 -> 00
[137511] CMD 03
[137639] ADDR 8000
[137697] READ 8000 -> 0a
[137761] READ 8001 -> 00
[137847] CMD 03
[137975] ADDR 01a8
[138033] READ 01a8 -> 00
[138097] READ 01a9 -> 00
[138167] CMD 03
[138295] ADDR 8000
[138353] READ 8000 -> 0a
[138417] READ 8001 -> 00
[138503] CMD 03
[138631] ADDR 01aa
[138689] READ 01aa -> 00
[138753] READ 01ab -> 00
[138823] CMD 03
[138951] ADDR 8000
[139009] READ 8000 -> 0a
[139073] READ 8001 -> 00
[139159] CMD 03
[139287] ADDR 01ac
[139345] READ 01ac -> 00
[139409] READ 01ad -> 00
[139479] CMD 03
[139607] ADDR 8000
[139665] READ 8000 -> 0a
[139729] READ 8001 -> 00
[139815] CMD 03
[139943] ADDR 01ae
[140001] READ 01ae -> 00
[140065] READ 01af -> 00
[140135] CMD 03
[140263] ADDR 8000
[140321] READ 8000 -> 0a
[140385] READ 8001 -> 00
[140471] CMD 03
[140599] ADDR 01b0
[140657] READ 01b0 -> 00
[140721] READ 01b1 -> 00
[140791] CMD 03
[140919] ADDR 8000
[140977] READ 8000 -> 0a
[141041] READ 8001 -> 00
[141127] CMD 03
[141255] ADDR 01b2
[141313] READ 01b2 -> 00
[141377] READ 01b3 -> 00
[141447] CMD 03
[141575] ADDR 8000
[141633] READ 8000 -> 0a
[141697] READ 8001 -> 00
[141783] CMD 03
[141911] ADDR 01b4
[141969] READ 01b4 -> 00
[142033] READ 01b5 -> 00
[142103] CMD 03
[142231] ADDR 8000
[142289] READ 8000 -> 0a
[142353] READ 8001 -> 00
[142439] CMD 03
[142567] ADDR 01b6
[142625] READ 01b6 -> 00
[142689] READ 01b7 -> 00
[142759] CMD 03
[142887] ADDR 8000
[142945] READ 8000 -> 0a
[143009] READ 8001 -> 00
[143095] CMD 03
[143223] ADDR 01b8
[143281] READ 01b8 -> 00
[143345] READ 01b9 -> 00
[143415] CMD 03
[143543] ADDR 8000
[143601] READ 8000 -> 0a
[143665] READ 8001 -> 00
[143751] CMD 03
[143879] ADDR 01ba
[143937] READ 01ba -> 00
[144001] READ 01bb -> 00
[144071] CMD 03
[144199] ADDR 8000
[144257] READ 8000 -> 0a
[144321] READ 8001 -> 00
[144407] CMD 03
[144535] ADDR 01bc
[144593] READ 01bc -> 00
[144657] READ 01bd -> 00
[144727] CMD 03
[144855] ADDR 8000
[144913] READ 8000 -> 0a
[144977] READ 8001 -> 00
[145063] CMD 03
[145191] ADDR 01be
[145249] READ 01be -> 00
[145313] READ 01bf -> 00
[145383] CMD 03
[145511] ADDR 8000
[145569] READ 8000 -> 0a
[145633] READ 8001 -> 00
[145719] CMD 03
[145847] ADDR 01c0
[145905] READ 01c0 -> 00
[145969] READ 01c1 -> 00
[146039] CMD 03
[146167] ADDR 8000
[146225] READ 8000 -> 0a
[146289] READ 8001 -> 00
[146375] CMD 03
[146503] ADDR 01c2
[146561] READ 01c2 -> 00
[146625] READ 01c3 -> 00
[146695] CMD 03
[146823] ADDR 8000
[146881] READ 8000 -> 0a
[146945] READ 8001 -> 00
[147031] CMD 03
[147159] ADDR 01c4
[147217] READ 01c4 -> 00
[147281] READ 01c5 -> 00
[147351] CMD 03
[147479] ADDR 8000
[147537] READ 8000 -> 0a
[147601] READ 8001 -> 00
[147687] CMD 03
[147815] ADDR 01c6
[147873] READ 01c6 -> 00
[147937] READ 01c7 -> 00
[148007] CMD 03
[148135] ADDR 8000
[148193] READ 8000 -> 0a
[148257] READ 8001 -> 00
[148343] CMD 03
[148471] ADDR 01c8
[148529] READ 01c8 -> 00
[148593] READ 01c9 -> 00
[148663] CMD 03
[148791] ADDR 8000
[148849] READ 8000 -> 0a
[148913] READ 8001 -> 00
[148999] CMD 03
[149127] ADDR 01ca
[149185] READ 01ca -> 00
[149249] READ 01cb -> 00
[149319] CMD 03
[149447] ADDR 8000
[149505] READ 8000 -> 0a
[149569] READ 8001 -> 00
[149655] CMD 03
[149783] ADDR 01cc
[149841] READ 01cc -> 00
[149905] READ 01cd -> 00
[149975] CMD 03
[150103] ADDR 8000
[150161] READ 8000 -> 0a
[150225] READ 8001 -> 00
[150311] CMD 03
[150439] ADDR 01ce
[150497] READ 01ce -> 00
[150561] READ 01cf -> 00
[150631] CMD 03
[150759] ADDR 8000
[150817] READ 8000 -> 0a
[150881] READ 8001 -> 00
[150967] CMD 03
[151095] ADDR 01d0
[151153] READ 01d0 -> 00
[151217] READ 01d1 -> 00
[151287] CMD 03
[151415] ADDR 8000
[151473] READ 8000 -> 0a
[151537] READ 8001 -> 00
[151623] CMD 03
[151751] ADDR 01d2
[151809] READ 01d2 -> 00
[151873] READ 01d3 -> 00
[151943] CMD 03
[152071] ADDR 8000
[152129] READ 8000 -> 0a
[152193] READ 8001 -> 00
[152279] CMD 03
[152407] ADDR 01d4
[152465] READ 01d4 -> 00
[152529] READ 01d5 -> 00
[152599] CMD 03
[152727] ADDR 8000
[152785] READ 8000 -> 0a
[152849] READ 8001 -> 00
[152935] CMD 03
[153063] ADDR 01d6
[153121] READ 01d6 -> 00
[153185] READ 01d7 -> 00
[153255] CMD 03
[153383] ADDR 8000
[153441] READ 8000 -> 0a
[153505] READ 8001 -> 00
[153591] CMD 03
[153719] ADDR 01d8
[153777] READ 01d8 -> 00
[153841] READ 01d9 -> 00
[153911] CMD 03
[154039] ADDR 8000
[154097] READ 8000 -> 0a
[154161] READ 8001 -> 00
[154247] CMD 03
[154375] ADDR 01da
[154433] READ 01da -> 00
[154497] READ 01db -> 00
[154567] CMD 03
[154695] ADDR 8000
[154753] READ 8000 -> 0a
[154817] READ 8001 -> 00
[154903] CMD 03
[155031] ADDR 01dc
[155089] READ 01dc -> 00
[155153] READ 01dd -> 00
[155223] CMD 03
[155351] ADDR 8000
[155409] READ 8000 -> 0a
[155473] READ 8001 -> 00
[155559] CMD 03
[155687] ADDR 01de
[155745] READ 01de -> 00
[155809] READ 01df -> 00
[155879] CMD 03
[156007] ADDR 8000
[156065] READ 8000 -> 0a
[156129] READ 8001 -> 00
[156215] CMD 03
[156343] ADDR 01e0
[156401] READ 01e0 -> 00
[156465] READ 01e1 -> 00
[156535] CMD 03
[156663] ADDR 8000
[156721] READ 8000 -> 0a
[156785] READ 8001 -> 00
[156871] CMD 03
[156999] ADDR 01e2
[157057] READ 01e2 -> 00
[157121] READ 01e3 -> 00
[157191] CMD 03
[157319] ADDR 8000
[157377] READ 8000 -> 0a
[157441] READ 8001 -> 00
[157527] CMD 03
[157655] ADDR 01e4
[157713] READ 01e4 -> 00
[157777] READ 01e5 -> 00
[157847] CMD 03
[157975] ADDR 8000
[158033] READ 8000 -> 0a
[158097] READ 8001 -> 00
[158183] CMD 03
[158311] ADDR 01e6
[158369] READ 01e6 -> 00
[158433] READ 01e7 -> 00
[158503] CMD 03
[158631] ADDR 8000
[158689] READ 8000 -> 0a
[158753] READ 8001 -> 00
[158839] CMD 03
[158967] ADDR 01e8
[159025] READ 01e8 -> 00
[159089] READ 01e9 -> 00
[159159] CMD 03
[159287] ADDR 8000
[159345] READ 8000 -> 0a
[159409] READ 8001 -> 00
[159495] CMD 03
[159623] ADDR 01ea
[159681] READ 01ea -> 00
[159745] READ 01eb -> 00
[159815] CMD 03
[159943] ADDR 8000
[160001] READ 8000 -> 0a
[160065] READ 8001 -> 00
[160151] CMD 03
[160279] ADDR 01ec
[160337] READ 01ec -> 00
[160401] READ 01ed -> 00
[160471] CMD 03
[160599] ADDR 8000
[160657] READ 8000 -> 0a
[160721] READ 8001 -> 00
[160807] CMD 03
[160935] ADDR 01ee
[160993] READ 01ee -> 00
[161057] READ 01ef -> 00
[161127] CMD 03
[161255] ADDR 8000
[161313] READ 8000 -> 0a
[161377] READ 8001 -> 00
[161463] CMD 03
[161591] ADDR 01f0
[161649] READ 01f0 -> 00
[161713] READ 01f1 -> 00
[161783] CMD 03
[161911] ADDR 8000
[161969] READ 8000 -> 0a
[162033] READ 8001 -> 00
[162119] CMD 03
[162247] ADDR 01f2
[162305] READ 01f2 -> 00
[162369] READ 01f3 -> 00
[162439] CMD 03
[162567] ADDR 8000
[162625] READ 8000 -> 0a
[162689] READ 8001 -> 00
[162775] CMD 03
[162903] ADDR 01f4
[162961] READ 01f4 -> 00
[163025] READ 01f5 -> 00
[163095] CMD 03
[163223] ADDR 8000
[163281] READ 8000 -> 0a
[163345] READ 8001 -> 00
[163431] CMD 03
[163559] ADDR 01f6
[163617] READ 01f6 -> 00
[163681] READ 01f7 -> 00
[163751] CMD 03
[163879] ADDR 8000
[163937] READ 8000 -> 0a
[164001] READ 8001 -> 00
[164087] CMD 03
[164215] ADDR 01f8
[164273] READ 01f8 -> 00
[164337] READ 01f9 -> 00
[164407] CMD 03
[164535] ADDR 8000
[164593] READ 8000 -> 0a
[164657] READ 8001 -> 00
[164743] CMD 03
[164871] ADDR 01fa
[164929] READ 01fa -> 00
[164993] READ 01fb -> 00
[165063] CMD 03
[165191] ADDR 8000
[165249] READ 8000 -> 0a
[165313] READ 8001 -> 00
[165399] CMD 03
[165527] ADDR 01fc
[165585] READ 01fc -> 00
[165649] READ 01fd -> 00
[165719] CMD 03
[165847] ADDR 8000
[165905] READ 8000 -> 0a
[165969] READ 8001 -> 00
[166055] CMD 03
[166183] ADDR 01fe
[166241] READ 01fe -> 00
[166305] READ 01ff -> 00
[166375] CMD 03
[166503] ADDR 8000
[166561] READ 8000 -> 0a
[166625] READ 8001 -> 00
[166711] CMD 03
[166839] ADDR 0200
[166897] READ 0200 -> 00
[166961] READ 0201 -> 00
[167031] CMD 03
[167159] ADDR 8000
[167217] READ 8000 -> 0a
[167281] READ 8001 -> 00
[167367] CMD 03
[167495] ADDR 0202
[167553] READ 0202 -> 00
[167617] READ 0203 -> 00
[167687] CMD 03
[167815] ADDR 8000
[167873] READ 8000 -> 0a
[167937] READ 8001 -> 00
[168023] CMD 03
[168151] ADDR 0204
[168209] READ 0204 -> 00
[168273] READ 0205 -> 00
[168343] CMD 03
[168471] ADDR 8000
[168529] READ 8000 -> 0a
[168593] READ 8001 -> 00
[168679] CMD 03
[168807] ADDR 0206
[168865] READ 0206 -> 00
[168929] READ 0207 -> 00
[168999] CMD 03
[169127] ADDR 8000
[169185] READ 8000 -> 0a
[169249] READ 8001 -> 00
[169335] CMD 03
[169463] ADDR 0208
[169521] READ 0208 -> 00
[169585] READ 0209 -> 00
[169655] CMD 03
[169783] ADDR 8000
[169841] READ 8000 -> 0a
[169905] READ 8001 -> 00
[169991] CMD 03
[170119] ADDR 020a
[170177] READ 020a -> 00
[170241] READ 020b -> 00
[170311] CMD 03
[170439] ADDR 8000
[170497] READ 8000 -> 0a
[170561] READ 8001 -> 00
[170647] CMD 03
[170775] ADDR 020c
[170833] READ 020c -> 00
[170897] READ 020d -> 00
[170967] CMD 03
[171095] ADDR 8000
[171153] READ 8000 -> 0a
[171217] READ 8001 -> 00
[171303] CMD 03
[171431] ADDR 020e
[171489] READ 020e -> 00
[171553] READ 020f -> 00
[171623] CMD 03
[171751] ADDR 8000
[171809] READ 8000 -> 0a
[171873] READ 8001 -> 00
[171959] CMD 03
[172087] ADDR 0210
[172145] READ 0210 -> 00
[172209] READ 0211 -> 00
[172279] CMD 03
[172407] ADDR 8000
[172465] READ 8000 -> 0a
[172529] READ 8001 -> 00
[172615] CMD 03
[172743] ADDR 0212
[172801] READ 0212 -> 00
[172865] READ 0213 -> 00
[172935] CMD 03
[173063] ADDR 8000
[173121] READ 8000 -> 0a
[173185] READ 8001 -> 00
[173271] CMD 03
[173399] ADDR 0214
[173457] READ 0214 -> 00
[173521] READ 0215 -> 00
[173591] CMD 03
[173719] ADDR 8000
[173777] READ 8000 -> 0a
[173841] READ 8001 -> 00
[173927] CMD 03
[174055] ADDR 0216
[174113] READ 0216 -> 00
[174177] READ 0217 -> 00
[174247] CMD 03
[174375] ADDR 8000
[174433] READ 8000 -> 0a
[174497] READ 8001 -> 00
[174583] CMD 03
[174711] ADDR 0218
[174769] READ 0218 -> 00
[174833] READ 0219 -> 00
[174903] CMD 03
[175031] ADDR 8000
[175089] READ 8000 -> 0a
[175153] READ 8001 -> 00
[175239] CMD 03
[175367] ADDR 021a
[175425] READ 021a -> 00
[175489] READ 021b -> 00
[175559] CMD 03
[175687] ADDR 8000
[175745] READ 8000 -> 0a
[175809] READ 8001 -> 00
[175895] CMD 03
[176023] ADDR 021c
[176081] READ 021c -> 00
[176145] READ 021d -> 00
[176215] CMD 03
[176343] ADDR 8000
[176401] READ 8000 -> 0a
[176465] READ 8001 -> 00
[176551] CMD 03
[176679] ADDR 021e
[176737] READ 021e -> 00
[176801] READ 021f -> 00
[176871] CMD 03
[176999] ADDR 8000
[177057] READ 8000 -> 0a
[177121] READ 8001 -> 00
[177207] CMD 03
[177335] ADDR 0220
[177393] READ 0220 -> 00
[177457] READ 0221 -> 00
[177527] CMD 03
[177655] ADDR 8000
[177713] READ 8000 -> 0a
[177777] READ 8001 -> 00
[177863] CMD 03
[177991] ADDR 0222
[178049] READ 0222 -> 00
[178113] READ 0223 -> 00
[178183] CMD 03
[178311] ADDR 8000
[178369] READ 8000 -> 0a
[178433] READ 8001 -> 00
[178519] CMD 03
[178647] ADDR 0224
[178705] READ 0224 -> 00
[178769] READ 0225 -> 00
[178839] CMD 03
[178967] ADDR 8000
[179025] READ 8000 -> 0a
[179089] READ 8001 -> 00
[179175] CMD 03
[179303] ADDR 0226
[179361] READ 0226 -> 00
[179425] READ 0227 -> 00
[179495] CMD 03
[179623] ADDR 8000
[179681] READ 8000 -> 0a
[179745] READ 8001 -> 00
[179831] CMD 03
[179959] ADDR 0228
[180017] READ 0228 -> 00
[180081] READ 0229 -> 00
[180151] CMD 03
[180279] ADDR 8000
[180337] READ 8000 -> 0a
[180401] READ 8001 -> 00
[180487] CMD 03
[180615] ADDR 022a
[180673] READ 022a -> 00
[180737] READ 022b -> 00
[180807] CMD 03
[180935] ADDR 8000
[180993] READ 8000 -> 0a
[181057] READ 8001 -> 00
[181143] CMD 03
[181271] ADDR 022c
[181329] READ 022c -> 00
[181393] READ 022d -> 00
[181463] CMD 03
[181591] ADDR 8000
[181649] READ 8000 -> 0a
[181713] READ 8001 -> 00
[181799] CMD 03
[181927] ADDR 022e
[181985] READ 022e -> 00
[182049] READ 022f -> 00
[182119] CMD 03
[182247] ADDR 8000
[182305] READ 8000 -> 0a
[182369] READ 8001 -> 00
[182455] CMD 03
[182583] ADDR 0230
[182641] READ 0230 -> 00
[182705] READ 0231 -> 00
[182775] CMD 03
[182903] ADDR 8000
[182961] READ 8000 -> 0a
[183025] READ 8001 -> 00
[183111] CMD 03
[183239] ADDR 0232
[183297] READ 0232 -> 00
[183361] READ 0233 -> 00
[183431] CMD 03
[183559] ADDR 8000
[183617] READ 8000 -> 0a
[183681] READ 8001 -> 00
[183767] CMD 03
[183895] ADDR 0234
[183953] READ 0234 -> 00
[184017] READ 0235 -> 00
[184087] CMD 03
[184215] ADDR 8000
[184273] READ 8000 -> 0a
[184337] READ 8001 -> 00
[184423] CMD 03
[184551] ADDR 0236
[184609] READ 0236 -> 00
[184673] READ 0237 -> 00
[184743] CMD 03
[184871] ADDR 8000
[184929] READ 8000 -> 0a
[184993] READ 8001 -> 00
[185079] CMD 03
[185207] ADDR 0238
[185265] READ 0238 -> 00
[185329] READ 0239 -> 00
[185399] CMD 03
[185527] ADDR 8000
[185585] READ 8000 -> 0a
[185649] READ 8001 -> 00
[185735] CMD 03
[185863] ADDR 023a
[185921] READ 023a -> 00
[185985] READ 023b -> 00
[186055] CMD 03
[186183] ADDR 8000
[186241] READ 8000 -> 0a
[186305] READ 8001 -> 00
[186391] CMD 03
[186519] ADDR 023c
[186577] READ 023c -> 00
[186641] READ 023d -> 00
[186711] CMD 03
[186839] ADDR 8000
[186897] READ 8000 -> 0a
[186961] READ 8001 -> 00
[187047] CMD 03
[187175] ADDR 023e
[187233] READ 023e -> 00
[187297] READ 023f -> 00
[187367] CMD 03
[187495] ADDR 8000
[187553] READ 8000 -> 0a
[187617] READ 8001 -> 00
[187703] CMD 03
[187831] ADDR 0240
[187889] READ 0240 -> 00
[187953] READ 0241 -> 00
[188023] CMD 03
[188151] ADDR 8000
[188209] READ 8000 -> 0a
[188273] READ 8001 -> 00
[188359] CMD 03
[188487] ADDR 0242
[188545] READ 0242 -> 00
[188609] READ 0243 -> 00
[188679] CMD 03
[188807] ADDR 8000
[188865] READ 8000 -> 0a
[188929] READ 8001 -> 00
[189015] CMD 03
[189143] ADDR 0244
[189201] READ 0244 -> 00
[189265] READ 0245 -> 00
[189335] CMD 03
[189463] ADDR 8000
[189521] READ 8000 -> 0a
[189585] READ 8001 -> 00
[189671] CMD 03
[189799] ADDR 0246
[189857] READ 0246 -> 00
[189921] READ 0247 -> 00
[189991] CMD 03
[190119] ADDR 8000
[190177] READ 8000 -> 0a
[190241] READ 8001 -> 00
[190327] CMD 03
[190455] ADDR 0248
[190513] READ 0248 -> 00
[190577] READ 0249 -> 00
[190647] CMD 03
[190775] ADDR 8000
[190833] READ 8000 -> 0a
[190897] READ 8001 -> 00
[190983] CMD 03
[191111] ADDR 024a
[191169] READ 024a -> 00
[191233] READ 024b -> 00
[191303] CMD 03
[191431] ADDR 8000
[191489] READ 8000 -> 0a
[191553] READ 8001 -> 00
[191639] CMD 03
[191767] ADDR 024c
[191825] READ 024c -> 00
[191889] READ 024d -> 00
[191959] CMD 03
[192087] ADDR 8000
[192145] READ 8000 -> 0a
[192209] READ 8001 -> 00
[192295] CMD 03
[192423] ADDR 024e
[192481] READ 024e -> 00
[192545] READ 024f -> 00
[192615] CMD 03
[192743] ADDR 8000
[192801] READ 8000 -> 0a
[192865] READ 8001 -> 00
[192951] CMD 03
[193079] ADDR 0250
[193137] READ 0250 -> 00
[193201] READ 0251 -> 00
[193271] CMD 03
[193399] ADDR 8000
[193457] READ 8000 -> 0a
[193521] READ 8001 -> 00
[193607] CMD 03
[193735] ADDR 0252
[193793] READ 0252 -> 00
[193857] READ 0253 -> 00
[193927] CMD 03
[194055] ADDR 8000
[194113] READ 8000 -> 0a
[194177] READ 8001 -> 00
[194263] CMD 03
[194391] ADDR 0254
[194449] READ 0254 -> 00
[194513] READ 0255 -> 00
[194583] CMD 03
[194711] ADDR 8000
[194769] READ 8000 -> 0a
[194833] READ 8001 -> 00
[194919] CMD 03
[195047] ADDR 0256
[195105] READ 0256 -> 00
[195169] READ 0257 -> 00
[195239] CMD 03
[195367] ADDR 8000
[195425] READ 8000 -> 0a
[195489] READ 8001 -> 00
[195575] CMD 03
[195703] ADDR 0258
[195761] READ 0258 -> 00
[195825] READ 0259 -> 00
[195895] CMD 03
[196023] ADDR 8000
[196081] READ 8000 -> 0a
[196145] READ 8001 -> 00
[196231] CMD 03
[196359] ADDR 025a
[196417] READ 025a -> 00
[196481] READ 025b -> 00
[196551] CMD 03
[196679] ADDR 8000
[196737] READ 8000 -> 0a
[196801] READ 8001 -> 00
[196887] CMD 03
[197015] ADDR 025c
[197073] READ 025c -> 00
[197137] READ 025d -> 00
[197207] CMD 03
[197335] ADDR 8000
[197393] READ 8000 -> 0a
[197457] READ 8001 -> 00
[197543] CMD 03
[197671] ADDR 025e
[197729] READ 025e -> 00
[197793] READ 025f -> 00
[197863] CMD 03
[197991] ADDR 8000
[198049] READ 8000 -> 0a
[198113] READ 8001 -> 00
[198199] CMD 03
[198327] ADDR 0260
[198385] READ 0260 -> 00
[198449] READ 0261 -> 00
[198519] CMD 03
[198647] ADDR 8000
[198705] READ 8000 -> 0a
[198769] READ 8001 -> 00
[198855] CMD 03
[198983] ADDR 0262
[199041] READ 0262 -> 00
[199105] READ 0263 -> 00
[199175] CMD 03
[199303] ADDR 8000
[199361] READ 8000 -> 0a
[199425] READ 8001 -> 00
[199511] CMD 03
[199639] ADDR 0264
[199697] READ 0264 -> 00
[199761] READ 0265 -> 00
[199831] CMD 03
[199959] ADDR 8000
